============================= test session starts ==============================
platform linux -- Python 3.11.4, pytest-7.4.0, pluggy-1.0.0
rootdir: /home/user/anaconda3/envs/web_scraping/web_scraping
collected 0 items

============================ no tests ran in 0.00s =============================
